
> @athyper/adapter-db@0.1.0 build D:\Products\athyper\server\framework\adapters\db
> tsup src/index.ts --format esm --dts --sourcemap --outDir dist --external kysely --external pg --external @athyper/core

[34mCLI[39m Building entry: src/index.ts
[34mCLI[39m Using tsconfig: tsconfig.json
[34mCLI[39m tsup v8.5.1
[34mCLI[39m Target: es2022
[34mESM[39m Build start
[31mError: UNKNOWN: unknown error, open 'D:\Products\athyper\server\framework\adapters\db\dist\index.js'
    at async open (node:internal/fs/promises:634:25)
    at async Object.writeFile (node:internal/fs/promises:1206:14)
    at async outputFile (D:\Products\athyper\node_modules\.pnpm\tsup@8.5.1_jiti@2.6.1_postcss@8.5.8_tsx@4.21.0_typescript@5.9.3\node_modules\tsup\dist\index.js:688:3)
    at async D:\Products\athyper\node_modules\.pnpm\tsup@8.5.1_jiti@2.6.1_postcss@8.5.8_tsx@4.21.0_typescript@5.9.3\node_modules\tsup\dist\index.js:797:9
    at async Promise.all (index 0)
    at async PluginContainer.buildFinished (D:\Products\athyper\node_modules\.pnpm\tsup@8.5.1_jiti@2.6.1_postcss@8.5.8_tsx@4.21.0_typescript@5.9.3\node_modules\tsup\dist\index.js:763:5)
    at async runEsbuild (D:\Products\athyper\node_modules\.pnpm\tsup@8.5.1_jiti@2.6.1_postcss@8.5.8_tsx@4.21.0_typescript@5.9.3\node_modules\tsup\dist\index.js:616:5)
    at async D:\Products\athyper\node_modules\.pnpm\tsup@8.5.1_jiti@2.6.1_postcss@8.5.8_tsx@4.21.0_typescript@5.9.3\node_modules\tsup\dist\index.js:1621:19
    at async Promise.all (index 0)
    at async buildAll (D:\Products\athyper\node_modules\.pnpm\tsup@8.5.1_jiti@2.6.1_postcss@8.5.8_tsx@4.21.0_typescript@5.9.3\node_modules\tsup\dist\index.js:1599:15)[39m
[34mDTS[39m Build start
[32mDTS[39m ⚡️ Build success in 1846ms
[32mDTS[39m [1mdist\index.d.ts [22m[32m260.83 KB[39m
 ELIFECYCLE  Command failed with exit code 1.
